<div class="foobar">
  
    <div style="display:inline-block; background-color:red">
      Red Background
    </div>
  
    <div style="display:inline-block; background-color:blue">
      Blue Background
    </div>
  
    <div style="display:inline-block; background-color:green">
      Green Background
    </div>
  
</div>
